┌ Info: Threading setup:
│   Threads.nthreads() = 1
│   n_DFTK = 1
│   n_fft = 1
└   n_blas = 1
A map=1 iteration CONTINUE residual=4.069038978871739 E=-53.330095936691855 F=-53.330095936691855
A map=2 iteration CONTINUE residual=3.6422740767747044 E=-53.6044413629878 F=-53.6044413629878
A map=3 iteration CONTINUE residual=3.231295682356237 E=-54.06490900694983 F=-54.06490900694983
A map=4 iteration CONTINUE residual=2.858888919881527 E=-54.51535982069909 F=-54.51535982069909
A map=5 iteration CONTINUE residual=2.5235999680288503 E=-54.931992397881196 F=-54.931992397881196
A map=6 iteration CONTINUE residual=2.222857221997476 E=-55.30702644576905 F=-55.30702644576905
A map=7 iteration CONTINUE residual=1.9539177878435134 E=-55.63851279866614 F=-55.63851279866614
A map=8 iteration CONTINUE residual=1.7140894562456235 E=-55.927352816829966 F=-55.927352816829966
A map=9 iteration CONTINUE residual=1.5008040169250327 E=-56.17598572487078 F=-56.17598572487078
A map=10 iteration CONTINUE residual=1.311637462081264 E=-56.387743693018024 F=-56.387743693018024
A map=11 iteration CONTINUE residual=1.144311446461464 E=-56.5664539816434 F=-56.5664539816434
A map=12 iteration CONTINUE residual=0.996695018634858 E=-56.716091087660686 F=-56.716091087660686
A map=13 iteration CONTINUE residual=0.8668103663701358 E=-56.84047826079513 F=-56.84047826079513
A map=14 iteration CONTINUE residual=0.7528368792385709 E=-56.943095388760035 F=-56.943095388760035
A map=15 iteration CONTINUE residual=0.6531082452455356 E=-57.02701640619679 F=-57.02701640619679
A map=16 iteration CONTINUE residual=0.5661019675574661 E=-57.09494055510415 F=-57.09494055510415
A map=17 iteration CONTINUE residual=0.4904247223586568 E=-57.149264324524616 F=-57.149264324524616
A map=18 iteration CONTINUE residual=0.42479801594895333 E=-57.192143101308226 F=-57.192143101308226
A map=19 iteration CONTINUE residual=0.36804677558562787 E=-57.22552711551486 F=-57.22552711551486
A map=20 iteration CONTINUE residual=0.3190916835792058 E=-57.251171530707865 F=-57.251171530707865
A map=21 iteration CONTINUE residual=0.2769453193697903 E=-57.270627983988945 F=-57.270627983988945
A map=22 iteration CONTINUE residual=0.24071119969544402 E=-57.28523142228926 F=-57.28523142228926
A map=23 iteration CONTINUE residual=0.20958370775917934 E=-57.2960951192904 F=-57.2960951192904
A map=24 iteration CONTINUE residual=0.18284690554843178 E=-57.304119887677885 F=-57.304119887677885
A map=25 iteration CONTINUE residual=0.1598712589211634 E=-57.31001574789441 F=-57.31001574789441
A map=26 iteration CONTINUE residual=0.14010835904685684 E=-57.31433047804334 F=-57.31433047804334
A map=27 iteration CONTINUE residual=0.12308424139041886 E=-57.317479599220285 F=-57.317479599220285
A map=28 iteration CONTINUE residual=0.10839197339808439 E=-57.31977419272758 F=-57.31977419272758
A map=29 iteration CONTINUE residual=0.09568405888656199 E=-57.32144481252264 F=-57.32144481252264
A map=30 iteration CONTINUE residual=0.08466504692146193 E=-57.32266103394468 F=-57.32266103394468
A map=31 iteration CONTINUE residual=0.07508459245316979 E=-57.32354688525617 F=-57.32354688525617
A map=32 iteration CONTINUE residual=0.06673110865804137 E=-57.32419272430228 F=-57.32419272430228
A map=33 iteration CONTINUE residual=0.05942607512666031 E=-57.324664209182245 F=-57.324664209182245
A map=34 iteration CONTINUE residual=0.05301901481000748 E=-57.32500897916577 F=-57.32500897916577
A map=35 iteration CONTINUE residual=0.047383118804392894 E=-57.32526157810233 F=-57.32526157810233
A map=36 iteration CONTINUE residual=0.042411476530757955 E=-57.32544705478184 F=-57.32544705478184
A map=37 iteration CONTINUE residual=0.038013856428278245 E=-57.32558358172554 F=-57.32558358172554
A map=38 iteration CONTINUE residual=0.03411397693045605 E=-57.325684353537554 F=-57.325684353537554
A map=39 iteration CONTINUE residual=0.030647206945386522 E=-57.32575896043083 F=-57.32575896043083
A map=40 iteration CONTINUE residual=0.02755863795379568 E=-57.32581438127072 F=-57.32581438127072
A map=41 iteration CONTINUE residual=0.024801474389382985 E=-57.32585570152105 F=-57.32585570152105
A map=42 iteration CONTINUE residual=0.022335694444156402 E=-57.32588663252297 F=-57.32588663252297
A map=43 iteration CONTINUE residual=0.020126939012535074 E=-57.325909887325246 F=-57.325909887325246
A map=44 iteration CONTINUE residual=0.01814559191738779 E=-57.32592745290274 F=-57.32592745290274
A map=45 iteration CONTINUE residual=0.016366019649064863 E=-57.325940787489586 F=-57.325940787489586
A map=46 iteration CONTINUE residual=0.014765943433719023 E=-57.32595096375455 F=-57.32595096375455
A map=47 iteration CONTINUE residual=0.01332592061878703 E=-57.325958772778606 F=-57.325958772778606
A map=48 iteration CONTINUE residual=0.012028916040028781 E=-57.32596479964438 F=-57.32596479964438
A map=49 iteration CONTINUE residual=0.010859947214612488 E=-57.32596947844869 F=-57.32596947844869
A map=50 iteration CONTINUE residual=0.00980578999277255 E=-57.325973132388924 F=-57.325973132388924
A map=51 iteration CONTINUE residual=0.0088547336441659 E=-57.325976003015505 F=-57.325976003015505
A map=52 iteration CONTINUE residual=0.00799637634495894 E=-57.32597827160865 F=-57.32597827160865
A map=53 iteration CONTINUE residual=0.007221453680292444 E=-57.32598007482841 F=-57.32598007482841
A map=54 iteration CONTINUE residual=0.006521694183972065 E=-57.325981516193934 F=-57.325981516193934
A map=55 iteration CONTINUE residual=0.005889697004622027 E=-57.32598267452207 F=-57.32598267452207
A map=56 iteration CONTINUE residual=0.005318827804747419 E=-57.32598361014472 F=-57.32598361014472
A map=57 iteration CONTINUE residual=0.004803129661678461 E=-57.32598436950367 F=-57.32598436950367
A map=58 iteration CONTINUE residual=0.004337246403003798 E=-57.32598498855422 F=-57.32598498855422
A map=59 iteration CONTINUE residual=0.003916356282226623 E=-57.3259854952982 F=-57.3259854952982
A map=60 iteration CONTINUE residual=0.0035361143011829127 E=-57.325985911671864 F=-57.325985911671864
A map=61 iteration CONTINUE residual=0.003192601805171744 E=-57.325986254961656 F=-57.325986254961656
A map=62 iteration CONTINUE residual=0.002882282215761698 E=-57.325986538869415 F=-57.325986538869415
A map=63 iteration CONTINUE residual=0.0026019620006934303 E=-57.325986774317215 F=-57.325986774317215
A map=64 iteration CONTINUE residual=0.002348756114909578 E=-57.32598697005957 F=-57.32598697005957
A map=65 iteration CONTINUE residual=0.0021200572981645393 E=-57.32598713314928 F=-57.32598713314928
A map=66 iteration CONTINUE residual=0.0019135087066658634 E=-57.325987269297215 F=-57.325987269297215
A map=67 iteration CONTINUE residual=0.0017269794508949705 E=-57.325987383148195 F=-57.325987383148195
A map=68 iteration CONTINUE residual=0.0015585426817430572 E=-57.325987478496906 F=-57.325987478496906
A map=69 iteration CONTINUE residual=0.001406455911550008 E=-57.325987558455004 F=-57.325987558455004
A map=70 iteration CONTINUE residual=0.0012691433167257714 E=-57.325987625583814 F=-57.325987625583814
A map=71 iteration CONTINUE residual=0.0011451797943738884 E=-57.325987681997994 F=-57.325987681997994
A map=72 iteration CONTINUE residual=0.0010332765809505232 E=-57.32598772944902 F=-57.32598772944902
A map=73 iteration CONTINUE residual=0.0009322682772520019 E=-57.32598776939115 F=-57.32598776939115
A map=74 iteration CONTINUE residual=0.0008411011022309136 E=-57.32598780303446 F=-57.32598780303446
A map=75 iteration CONTINUE residual=0.0007588223006113373 E=-57.32598783138835 F=-57.32598783138835
A map=76 iteration CONTINUE residual=0.0006845705298995154 E=-57.32598785529607 F=-57.32598785529607
A map=77 iteration CONTINUE residual=0.000617567181871198 E=-57.32598787546354 F=-57.32598787546354
A map=78 iteration CONTINUE residual=0.0005571085152448936 E=-57.32598789248176 F=-57.32598789248176
A map=79 iteration CONTINUE residual=0.0005025585329922217 E=-57.32598790684724 F=-57.32598790684724
A map=80 iteration CONTINUE residual=0.00045334253390822164 E=-57.32598791897685 F=-57.32598791897685
A map=81 iteration CONTINUE residual=0.0004089412660315243 E=-57.32598792922087 F=-57.32598792922087
A map=82 iteration CONTINUE residual=0.00036888563835420067 E=-57.325987937874146 F=-57.325987937874146
A map=83 iteration CONTINUE residual=0.00033275192611910203 E=-57.32598794518503 F=-57.32598794518503
A map=84 iteration CONTINUE residual=0.0003001574306723951 E=-57.32598795136262 F=-57.32598795136262
A map=85 iteration CONTINUE residual=0.00027075654900689196 E=-57.325987956583404 F=-57.325987956583404
A map=86 iteration CONTINUE residual=0.00024423721370398123 E=-57.325987960996 F=-57.325987960996
A map=87 iteration CONTINUE residual=0.00022031767152853876 E=-57.32598796472579 F=-57.32598796472579
A map=88 iteration CONTINUE residual=0.00019874356601830127 E=-57.32598796787882 F=-57.32598796787882
A map=89 iteration CONTINUE residual=0.00017928529804704904 E=-57.32598797054452 F=-57.32598797054452
A map=90 iteration CONTINUE residual=0.00016173563702220165 E=-57.32598797279814 F=-57.32598797279814
A map=91 iteration CONTINUE residual=0.00014590755971060726 E=-57.32598797470379 F=-57.32598797470379
A map=92 iteration CONTINUE residual=0.00013163229537453965 E=-57.325987976315034 F=-57.325987976315034
A map=93 iteration CONTINUE residual=0.00011875755578980355 E=-57.3259879776775 F=-57.3259879776775
A map=94 iteration CONTINUE residual=0.00010714594418453639 E=-57.325987978829694 F=-57.325987978829694
A map=95 iteration CONTINUE residual=9.667349812316759e-5 E=-57.325987979803976 F=-57.325987979803976
A map=96 iteration CONTINUE residual=8.722839007126604e-5 E=-57.325987980628 F=-57.325987980628
A map=97 iteration CONTINUE residual=7.870974539541333e-5 E=-57.325987981324914 F=-57.325987981324914
A map=98 iteration CONTINUE residual=7.102658121918921e-5 E=-57.32598798191417 F=-57.32598798191417
A map=99 iteration CONTINUE residual=6.409682854411432e-5 E=-57.32598798241265 F=-57.32598798241265
A map=100 iteration CONTINUE residual=5.784647258881865e-5 E=-57.3259879828342 F=-57.3259879828342
A map=101 iteration CONTINUE residual=5.2208763353189496e-5 E=-57.325987983190785 F=-57.325987983190785
A map=102 iteration CONTINUE residual=4.712350500600531e-5 E=-57.32598798349235 F=-57.32598798349235
A map=103 iteration CONTINUE residual=4.253641472196427e-5 E=-57.325987983747424 F=-57.325987983747424
A map=104 iteration CONTINUE residual=3.83985436539481e-5 E=-57.325987983963245 F=-57.325987983963245
A map=105 iteration CONTINUE residual=3.4665754087740596e-5 E=-57.325987984145755 F=-57.325987984145755
A map=106 iteration CONTINUE residual=3.129824797193677e-5 E=-57.32598798430015 F=-57.32598798430015
A map=107 iteration CONTINUE residual=2.826014098949658e-5 E=-57.325987984430675 F=-57.325987984430675
A map=108 iteration CONTINUE residual=2.551907822000086e-5 E=-57.325987984541214 F=-57.325987984541214
A map=109 iteration CONTINUE residual=2.304588768096729e-5 E=-57.32598798463458 F=-57.32598798463458
A map=110 iteration CONTINUE residual=2.0814267485206054e-5 E=-57.32598798471362 F=-57.32598798471362
A map=111 iteration CONTINUE residual=1.8800503157841956e-5 E=-57.32598798478056 F=-57.32598798478056
A map=112 iteration CONTINUE residual=1.6983215398794626e-5 E=-57.32598798483704 F=-57.32598798483704
A map=113 iteration CONTINUE residual=1.5343126429523516e-5 E=-57.325987984884904 F=-57.325987984884904
A map=114 iteration CONTINUE residual=1.3862857345911911e-5 E=-57.32598798492539 F=-57.32598798492539
A map=115 iteration CONTINUE residual=1.2526737861207042e-5 E=-57.32598798495958 F=-57.32598798495958
A map=116 iteration CONTINUE residual=1.1320639437510152e-5 E=-57.325987984988586 F=-57.325987984988586
A map=117 iteration CONTINUE residual=1.0231823489753334e-5 E=-57.32598798501306 F=-57.32598798501306
A map=118 iteration CONTINUE residual=9.24880796165704e-6 E=-57.32598798503377 F=-57.32598798503377
A map=119 iteration CONTINUE residual=8.36123482204733e-6 E=-57.32598798505137 F=-57.32598798505137
A map=120 iteration CONTINUE residual=7.559767144252751e-6 E=-57.325987985066234 F=-57.325987985066234
A map=121 iteration CONTINUE residual=6.835985217650165e-6 E=-57.32598798507877 F=-57.32598798507877
A map=122 iteration CONTINUE residual=6.182297313409934e-6 E=-57.32598798508943 F=-57.32598798508943
A map=123 iteration CONTINUE residual=5.591857224456627e-6 E=-57.32598798509837 F=-57.32598798509837
A map=124 iteration CONTINUE residual=5.058491382141248e-6 E=-57.32598798510597 F=-57.32598798510597
A map=125 iteration CONTINUE residual=4.576632645632385e-6 E=-57.32598798511238 F=-57.32598798511238
A map=126 iteration CONTINUE residual=4.141259931638221e-6 E=-57.32598798511789 F=-57.32598798511789
A map=127 iteration CONTINUE residual=3.747844937579668e-6 E=-57.32598798512242 F=-57.32598798512242
A map=128 iteration CONTINUE residual=3.392303664838698e-6 E=-57.32598798512635 F=-57.32598798512635
A map=129 iteration CONTINUE residual=3.07095122330051e-6 E=-57.325987985129636 F=-57.325987985129636
A map=130 iteration CONTINUE residual=2.7804664372460843e-6 E=-57.3259879851323 F=-57.3259879851323
A map=131 iteration CONTINUE residual=2.51785122466363e-6 E=-57.32598798513477 F=-57.32598798513477
A map=132 iteration CONTINUE residual=2.280400804661561e-6 E=-57.32598798513678 F=-57.32598798513678
A map=133 iteration CONTINUE residual=2.0656789408270127e-6 E=-57.32598798513848 F=-57.32598798513848
A map=134 iteration CONTINUE residual=1.8714804973178109e-6 E=-57.32598798513989 F=-57.32598798513989
A map=135 iteration CONTINUE residual=1.6958209410275082e-6 E=-57.32598798514109 F=-57.32598798514109
A map=136 iteration CONTINUE residual=1.5369086413024115e-6 E=-57.325987985142135 F=-57.325987985142135
A map=137 iteration CONTINUE residual=1.3931257998311756e-6 E=-57.32598798514301 F=-57.32598798514301
A map=138 iteration CONTINUE residual=1.2630133896836214e-6 E=-57.32598798514371 F=-57.32598798514371
A map=139 iteration CONTINUE residual=1.1452540648137686e-6 E=-57.32598798514435 F=-57.32598798514435
A map=140 iteration CONTINUE residual=1.038658817689123e-6 E=-57.32598798514485 F=-57.32598798514485
A map=141 iteration CONTINUE residual=9.421543480461011e-7 E=-57.32598798514529 F=-57.32598798514529
A map=142 iteration CONTINUE residual=8.547715185870755e-7 E=-57.32598798514571 F=-57.32598798514571
A map=143 iteration CONTINUE residual=7.756353839215797e-7 E=-57.32598798514597 F=-57.32598798514597
A map=144 iteration CONTINUE residual=7.039558307382544e-7 E=-57.32598798514627 F=-57.32598798514627
A map=145 iteration CONTINUE residual=6.390200549543486e-7 E=-57.325987985146476 F=-57.325987985146476
A map=146 iteration CONTINUE residual=5.801833415034876e-7 E=-57.325987985146725 F=-57.325987985146725
A map=147 iteration CONTINUE residual=5.268634475292927e-7 E=-57.325987985146895 F=-57.325987985146895
A map=148 iteration CONTINUE residual=4.785344594993807e-7 E=-57.32598798514705 F=-57.32598798514705
A map=149 iteration CONTINUE residual=4.3472307971784313e-7 E=-57.3259879851471 F=-57.3259879851471
A map=150 iteration CONTINUE residual=3.949991309175101e-7 E=-57.3259879851472 F=-57.3259879851472
A map=151 iteration CONTINUE residual=3.5897381236637066e-7 E=-57.325987985147265 F=-57.325987985147265
A map=152 iteration CONTINUE residual=3.2629737423522746e-7 E=-57.32598798514738 F=-57.32598798514738
A map=153 iteration CONTINUE residual=2.966533898102415e-7 E=-57.32598798514746 F=-57.32598798514746
A map=154 iteration CONTINUE residual=2.697548419602864e-7 E=-57.32598798514751 F=-57.32598798514751
A map=155 iteration CONTINUE residual=2.4534342022292024e-7 E=-57.32598798514749 F=-57.32598798514749
A map=156 iteration CONTINUE residual=2.2318446876053699e-7 E=-57.32598798514749 F=-57.32598798514749
A map=157 iteration CONTINUE residual=2.030666037732472e-7 E=-57.325987985147556 F=-57.325987985147556
A map=158 iteration CONTINUE residual=1.8479820400290324e-7 E=-57.325987985147584 F=-57.325987985147584
A map=159 iteration CONTINUE residual=1.6820610493221913e-7 E=-57.325987985147634 F=-57.325987985147634
A map=160 iteration CONTINUE residual=1.5313360474895947e-7 E=-57.32598798514762 F=-57.32598798514762
A map=161 iteration CONTINUE residual=1.394384434123691e-7 E=-57.32598798514762 F=-57.32598798514762
A map=162 iteration CONTINUE residual=1.2699201681480126e-7 E=-57.32598798514764 F=-57.32598798514764
A map=163 iteration CONTINUE residual=1.1567941874253083e-7 E=-57.3259879851477 F=-57.3259879851477
A map=164 iteration CONTINUE residual=1.0539500093342557e-7 E=-57.32598798514772 F=-57.32598798514772
A map=165 iteration CONTINUE residual=9.604228406709452e-8 E=-57.32598798514769 F=-57.32598798514769
A map=166 iteration CONTINUE residual=8.753647823007339e-8 E=-57.32598798514772 F=-57.32598798514772
A map=167 iteration CONTINUE residual=7.97993473253923e-8 E=-57.325987985147705 F=-57.325987985147705
A map=168 iteration CONTINUE residual=7.275936796886365e-8 E=-57.32598798514768 F=-57.32598798514768
A map=169 iteration CONTINUE residual=6.635329625638328e-8 E=-57.32598798514775 F=-57.32598798514775
A map=170 iteration CONTINUE residual=6.05225196690224e-8 E=-57.325987985147705 F=-57.325987985147705
A map=171 iteration CONTINUE residual=5.521369702524555e-8 E=-57.32598798514778 F=-57.32598798514778
A map=172 iteration CONTINUE residual=5.0379955007943e-8 E=-57.32598798514771 F=-57.32598798514771
A map=173 iteration CONTINUE residual=4.5977349165537486e-8 E=-57.325987985147705 F=-57.325987985147705
A map=174 iteration CONTINUE residual=4.1966928341991966e-8 E=-57.32598798514775 F=-57.32598798514775
A map=175 iteration CONTINUE residual=3.831287359571789e-8 E=-57.32598798514776 F=-57.32598798514776
A map=176 iteration CONTINUE residual=3.498310000210163e-8 E=-57.325987985147734 F=-57.325987985147734
A map=177 iteration CONTINUE residual=3.194795999809531e-8 E=-57.32598798514773 F=-57.32598798514773
A map=178 iteration CONTINUE residual=2.9181123741265542e-8 E=-57.325987985147826 F=-57.325987985147826
A map=179 iteration CONTINUE residual=2.6658105782435836e-8 E=-57.325987985147734 F=-57.325987985147734
A map=180 iteration CONTINUE residual=2.435711476888842e-8 E=-57.32598798514778 F=-57.32598798514778
A map=181 iteration CONTINUE residual=2.2258663496562983e-8 E=-57.32598798514776 F=-57.32598798514776
A map=182 iteration CONTINUE residual=2.0342563761012723e-8 E=-57.325987985147776 F=-57.325987985147776
A map=183 iteration CONTINUE residual=1.8596020692689766e-8 E=-57.325987985147776 F=-57.325987985147776
A map=184 iteration CONTINUE residual=1.7001631838268986e-8 E=-57.325987985147776 F=-57.325987985147776
A map=185 iteration CONTINUE residual=1.554634183837747e-8 E=-57.32598798514776 F=-57.32598798514776
A map=186 iteration CONTINUE residual=1.4217636021398445e-8 E=-57.32598798514776 F=-57.32598798514776
A map=187 iteration CONTINUE residual=1.300453468684326e-8 E=-57.325987985147776 F=-57.325987985147776
A map=188 iteration CONTINUE residual=1.1896418800847153e-8 E=-57.32598798514782 F=-57.32598798514782
A map=189 iteration CONTINUE residual=1.0884377180174672e-8 E=-57.325987985147776 F=-57.325987985147776
A map=190 iteration CANDIDATE residual=9.95968226326184e-9 E=-57.325987985147755 F=-57.325987985147755
A map=191 closure PASS residual=1.6542346674852517e-9 E=-57.325987985147734 F=-57.325987985147734
Phase 6C 20260906T151940Z-A-270110aa: PASS, exit=0
