┌ Info: Threading setup:
│   Threads.nthreads() = 1
│   n_DFTK = 1
│   n_fft = 1
└   n_blas = 1
ERROR: LoadError: ArgumentError: Actual UPF header does not match selected mode/family
Stacktrace:
 [1] load_bound_psp(root::String; mode::Symbol)
   @ Main <workbench>/prototypes/fr_integration/common_data.jl:128
 [2] load_bound_psp
   @ <workbench>/prototypes/fr_integration/common_data.jl:103 [inlined]
 [3] run_common_data_tests(root::String, settings::Dict{String, Any})
   @ Main <workbench>/tests/fr_integration/test_common_data.jl:10
 [4] top-level scope
   @ stdin:13
 [5] eval(m::Module, e::Any)
   @ Core ./boot.jl:489
 [6] include_string(mapexpr::typeof(Base.identity), mod::Module, code::String, filename::String)
   @ Base ./loading.jl:2952
 [7] include_string
   @ ./loading.jl:2962 [inlined]
 [8] exec_options(opts::Base.JLOptions)
   @ Base ./client.jl:315
 [9] _start()
   @ Base ./client.jl:550
in expression starting at stdin:13
