ERROR: LoadError: ParseError:
# Error @ <workbench>/scripts/run_fr_integration.jl:186:34
end
abspath(PROGRAM_FILE)==@__FILE__ && exit(phase6b_main(ARGS))
#                                └┘ ── invalid identifier
Stacktrace:
 [1] top-level scope
   @ <workbench>/scripts/run_fr_integration.jl:186
 [2] include(mapexpr::Function, mod::Module, _path::String)
   @ Base ./Base.jl:307
 [3] top-level scope
   @ <workbench>/tests/fr_integration/runtests.jl:2
 [4] include(mod::Module, _path::String)
   @ Base ./Base.jl:306
 [5] exec_options(opts::Base.JLOptions)
   @ Base ./client.jl:317
 [6] _start()
   @ Base ./client.jl:550
in expression starting at <workbench>/scripts/run_fr_integration.jl:186
in expression starting at <workbench>/tests/fr_integration/runtests.jl:2
