┌ Info: Threading setup:
│   Threads.nthreads() = 1
│   n_DFTK = 1
│   n_fft = 1
└   n_blas = 1
FieldError: type Model has no field `terms`, available fields: `model_name`, `lattice`, `recip_lattice`, `n_dim`, `inv_lattice`, `inv_recip_lattice`, `unit_cell_volume`, `recip_cell_volume`, `n_electrons`, `εF`, `spin_polarization`, `n_spin_components`, `temperature`, `smearing`, `atoms`, `positions`, `atom_groups`, `term_types`, `symmetries`
Stacktrace:
 [1] getproperty
   @ ./Base_compiler.jl:54 [inlined]
 [2] run_baseline!(result::Dict{String, Any}, casepath::String, psppath::String, outputpath::String)
   @ Main <workbench>/scripts/run_dftk_baseline.jl:127
 [3] main(args::Vector{String})
   @ Main <workbench>/scripts/run_dftk_baseline.jl:228
 [4] top-level scope
   @ <workbench>/scripts/run_dftk_baseline.jl:253
 [5] include(mod::Module, _path::String)
   @ Base ./Base.jl:306
 [6] exec_options(opts::Base.JLOptions)
   @ Base ./client.jl:317
 [7] _start()
   @ Base ./client.jl:550
