┌ Info: Threading setup:
│   Threads.nthreads() = 1
│   n_DFTK = 1
│   n_fft = 1
└   n_blas = 1
B map=1 iteration CONTINUE residual=4.069221362832867 E=-53.33046239986392 F=-53.33046239986392
B map=2 iteration CONTINUE residual=3.6424850047133503 E=-53.60452012601084 F=-53.60452012601084
B map=3 iteration CONTINUE residual=3.2314864887163774 E=-54.06494933728546 F=-54.06494933728546
B map=4 iteration CONTINUE residual=2.859061495028486 E=-54.5153725610428 F=-54.5153725610428
B map=5 iteration CONTINUE residual=2.52375575772024 E=-54.93198732720183 F=-54.93198732720183
B map=6 iteration CONTINUE residual=2.222997674492978 E=-55.307008917537715 F=-55.307008917537715
B map=7 iteration CONTINUE residual=1.9540444255433784 E=-55.638484678808005 F=-55.638484678808005
B map=8 iteration CONTINUE residual=1.7142038126350576 E=-55.92731412954366 F=-55.92731412954366
B map=9 iteration CONTINUE residual=1.5009074750808349 E=-56.17593683462681 F=-56.17593683462681
B map=10 iteration CONTINUE residual=1.3117311088905215 E=-56.387686793917595 F=-56.387686793917595
B map=11 iteration CONTINUE residual=1.1443960649981892 E=-56.56639291191861 F=-56.56639291191861
B map=12 iteration CONTINUE residual=0.9967712121412554 E=-56.71602997942936 F=-56.71602997942936
B map=13 iteration CONTINUE residual=0.8668787009410891 E=-56.840420315014775 F=-56.840420315014775
B map=14 iteration CONTINUE residual=0.7528979548470079 E=-56.943042500576084 F=-56.943042500576084
B map=15 iteration CONTINUE residual=0.653162685466197 E=-57.02696948711183 F=-57.02696948711183
B map=16 iteration CONTINUE residual=0.5661503740179983 E=-57.09490002077443 F=-57.09490002077443
B map=17 iteration CONTINUE residual=0.4904676453291402 E=-57.14923036416436 F=-57.14923036416436
B map=18 iteration CONTINUE residual=0.42483596066650525 E=-57.19211568477836 F=-57.19211568477836
B map=19 iteration CONTINUE residual=0.3680802308841479 E=-57.22550589624254 F=-57.22550589624254
B map=20 iteration CONTINUE residual=0.3191211463437557 E=-57.251155813393765 F=-57.251155813393765
B map=21 iteration CONTINUE residual=0.27697129559070693 E=-57.27061681973893 F=-57.27061681973893
B map=22 iteration CONTINUE residual=0.24073418282833142 E=-57.285223782192524 F=-57.285223782192524
B map=23 iteration CONTINUE residual=0.20960415049930958 E=-57.29609005351524 F=-57.29609005351524
B map=24 iteration CONTINUE residual=0.18286520012301122 E=-57.30411661451086 F=-57.30411661451086
B map=25 iteration CONTINUE residual=0.1598877304453913 E=-57.310013674211554 F=-57.310013674211554
B map=26 iteration CONTINUE residual=0.14012326870089245 E=-57.31432917974906 F=-57.31432917974906
B map=27 iteration CONTINUE residual=0.12309779470807082 E=-57.317478787276 F=-57.317478787276
B map=28 iteration CONTINUE residual=0.10840433051273626 E=-57.31977367856533 F=-57.31977367856533
B map=29 iteration CONTINUE residual=0.09569534499749341 E=-57.32144447818658 F=-57.32144447818658
B map=30 iteration CONTINUE residual=0.08467536185949966 E=-57.322660808509234 F=-57.322660808509234
B map=31 iteration CONTINUE residual=0.07509401859629175 E=-57.32354672748324 F=-57.32354672748324
B map=32 iteration CONTINUE residual=0.06673971688213252 E=-57.32419261072625 F=-57.32419261072625
B map=33 iteration CONTINUE residual=0.05943392888873862 E=-57.3246641264292 F=-57.3246641264292
B map=34 iteration CONTINUE residual=0.05302617270206322 E=-57.3250089192933 F=-57.3250089192933
B map=35 iteration CONTINUE residual=0.04738963596909719 E=-57.32526153594367 F=-57.32526153594367
B map=36 iteration CONTINUE residual=0.042417405295839275 E=-57.3254470265476 F=-57.3254470265476
B map=37 iteration CONTINUE residual=0.038019246453406375 E=-57.32558356434565 F=-57.32558356434565
B map=38 iteration CONTINUE residual=0.03411887509301326 E=-57.32568434440188 F=-57.32568434440188
B map=39 iteration CONTINUE residual=0.030651657141775125 E=-57.32575895731581 F=-57.32575895731581
B map=40 iteration CONTINUE residual=0.027562680924630125 E=-57.325814382330414 F=-57.325814382330414
B map=41 iteration CONTINUE residual=0.024805147631729692 E=-57.32585570528115 F=-57.32585570528115
B map=42 iteration CONTINUE residual=0.022339032232223523 E=-57.32588663785814 F=-57.32588663785814
B map=43 iteration CONTINUE residual=0.020129972509027382 E=-57.32590989341706 F=-57.32590989341706
B map=44 iteration CONTINUE residual=0.01814834935713702 E=-57.32592745918677 F=-57.32592745918677
B map=45 iteration CONTINUE residual=0.016368526563757514 E=-57.32594079360031 F=-57.32594079360031
B map=46 iteration CONTINUE residual=0.014768222893441726 E=-57.325950969474206 F=-57.325950969474206
B map=47 iteration CONTINUE residual=0.013327993471518475 E=-57.32595877799415 F=-57.32595877799415
B map=48 iteration CONTINUE residual=0.012030801138443967 E=-57.32596480431338 F=-57.32596480431338
B map=49 iteration CONTINUE residual=0.010861661623240093 E=-57.32596948257313 F=-57.32596948257313
B map=50 iteration CONTINUE residual=0.009807349174280994 E=-57.3259731359976 F=-57.3259731359976
B map=51 iteration CONTINUE residual=0.008856151624083089 E=-57.325976006150995 F=-57.325976006150995
B map=52 iteration CONTINUE residual=0.007997665857171122 E=-57.32597827431942 F=-57.32597827431942
B map=53 iteration CONTINUE residual=0.007222626295295294 E=-57.325980077163706 F=-57.325980077163706
B map=54 iteration CONTINUE residual=0.0065227604224603955 E=-57.32598151820085 F=-57.32598151820085
B map=55 iteration CONTINUE residual=0.005890666437231739 E=-57.32598267624398 F=-57.32598267624398
B map=56 iteration CONTINUE residual=0.0053197091423121574 E=-57.325983611620565 F=-57.325983611620565
B map=57 iteration CONTINUE residual=0.004803930833956975 E=-57.32598437076774 F=-57.32598437076774
B map=58 iteration CONTINUE residual=0.0043379746306504265 E=-57.32598498963658 F=-57.32598498963658
B map=59 iteration CONTINUE residual=0.0039170181406426 E=-57.325985496224845 F=-57.325985496224845
B map=60 iteration CONTINUE residual=0.0035367157791973683 E=-57.32598591246506 F=-57.32598591246506
B map=61 iteration CONTINUE residual=0.003193148356486489 E=-57.3259862556408 F=-57.3259862556408
B map=62 iteration CONTINUE residual=0.0028827788071593813 E=-57.32598653945094 F=-57.32598653945094
B map=63 iteration CONTINUE residual=0.0026024131551633457 E=-57.32598677481542 F=-57.32598677481542
B map=64 iteration CONTINUE residual=0.00234916595114007 E=-57.325986970486326 F=-57.325986970486326
B map=65 iteration CONTINUE residual=0.0021204295654184855 E=-57.32598713351494 F=-57.32598713351494
B map=66 iteration CONTINUE residual=0.0019138468183485615 E=-57.32598726961048 F=-57.32598726961048
B map=67 iteration CONTINUE residual=0.0017272865139022807 E=-57.3259873834166 F=-57.3259873834166
B map=68 iteration CONTINUE residual=0.0015588215233759636 E=-57.325987478726844 F=-57.325987478726844
B map=69 iteration CONTINUE residual=0.0014067091044909395 E=-57.3259875586521 F=-57.3259875586521
B map=70 iteration CONTINUE residual=0.0012693732016539915 E=-57.32598762575267 F=-57.32598762575267
B map=71 iteration CONTINUE residual=0.0011453885005265395 E=-57.32598768214267 F=-57.32598768214267
B map=72 iteration CONTINUE residual=0.0010334660457945505 E=-57.32598772957303 F=-57.32598772957303
B map=73 iteration CONTINUE residual=0.0009324402602015413 E=-57.32598776949732 F=-57.32598776949732
B map=74 iteration CONTINUE residual=0.0008412572056304157 E=-57.325987803125415 F=-57.325987803125415
B map=75 iteration CONTINUE residual=0.0007589639803218863 E=-57.32598783146623 F=-57.32598783146623
B map=76 iteration CONTINUE residual=0.0006846991095944387 E=-57.3259878553628 F=-57.3259878553628
B map=77 iteration CONTINUE residual=0.0006176838644366532 E=-57.32598787552051 F=-57.32598787552051
B map=78 iteration CONTINUE residual=0.0005572143941871551 E=-57.32598789253071 F=-57.32598789253071
B map=79 iteration CONTINUE residual=0.0005026546018649882 E=-57.3259879068891 F=-57.3259879068891
B map=80 iteration CONTINUE residual=0.0004534296953882717 E=-57.32598791901261 F=-57.32598791901261
B map=81 iteration CONTINUE residual=0.000409020340710929 E=-57.32598792925145 F=-57.32598792925145
B map=82 iteration CONTINUE residual=0.00036895737128507793 E=-57.32598793790025 F=-57.32598793790025
B map=83 iteration CONTINUE residual=0.00033281699422026904 E=-57.32598794520739 F=-57.32598794520739
B map=84 iteration CONTINUE residual=0.0003002164491643834 E=-57.325987951381705 F=-57.325987951381705
B map=85 iteration CONTINUE residual=0.00027081007620654023 E=-57.32598795659977 F=-57.32598795659977
B map=86 iteration CONTINUE residual=0.00024428575696127785 E=-57.32598796100997 F=-57.32598796100997
B map=87 iteration CONTINUE residual=0.0002203616915118891 E=-57.325987964737735 F=-57.325987964737735
B map=88 iteration CONTINUE residual=0.0001987834810726316 E=-57.32598796788906 F=-57.32598796788906
B map=89 iteration CONTINUE residual=0.00017932148805014207 E=-57.325987970553186 F=-57.325987970553186
B map=90 iteration CONTINUE residual=0.00016176844688405213 E=-57.32598797280552 F=-57.32598797280552
B map=91 iteration CONTINUE residual=0.0001459373026063108 E=-57.325987974710124 F=-57.325987974710124
B map=92 iteration CONTINUE residual=0.0001316592555794899 E=-57.325987976320405 F=-57.325987976320405
B map=93 iteration CONTINUE residual=0.00011878199326627333 E=-57.325987977682104 F=-57.325987977682104
B map=94 iteration CONTINUE residual=0.00010716808941448047 E=-57.325987978833595 F=-57.325987978833595
B map=95 iteration CONTINUE residual=9.669356579306448e-5 E=-57.32598797980738 F=-57.32598797980738
B map=96 iteration CONTINUE residual=8.724657401536809e-5 E=-57.32598798063083 F=-57.32598798063083
B map=97 iteration CONTINUE residual=7.872621927125178e-5 E=-57.325987981327266 F=-57.325987981327266
B map=98 iteration CONTINUE residual=7.104150491996337e-5 E=-57.325987981916185 F=-57.325987981916185
B map=99 iteration CONTINUE residual=6.411034643646837e-5 E=-57.3259879824144 F=-57.3259879824144
B map=100 iteration CONTINUE residual=5.785871565560153e-5 E=-57.325987982835755 F=-57.325987982835755
B map=101 iteration CONTINUE residual=5.221985038382065e-5 E=-57.325987983192036 F=-57.325987983192036
B map=102 iteration CONTINUE residual=4.713354391954962e-5 E=-57.32598798349346 F=-57.32598798349346
B map=103 iteration CONTINUE residual=4.254550341598657e-5 E=-57.32598798374836 F=-57.32598798374836
B map=104 iteration CONTINUE residual=3.8406770858377176e-5 E=-57.325987983964 F=-57.325987983964
B map=105 iteration CONTINUE residual=3.467320049519518e-5 E=-57.32598798414645 F=-57.32598798414645
B map=106 iteration CONTINUE residual=3.1304986699181775e-5 E=-57.32598798430061 F=-57.32598798430061
B map=107 iteration CONTINUE residual=2.826623829743971e-5 E=-57.325987984431215 F=-57.325987984431215
B map=108 iteration CONTINUE residual=2.5524594231311392e-5 E=-57.32598798454159 F=-57.32598798454159
B map=109 iteration CONTINUE residual=2.3050877029842275e-5 E=-57.32598798463495 F=-57.32598798463495
B map=110 iteration CONTINUE residual=2.081877966768882e-5 E=-57.325987984713855 F=-57.325987984713855
B map=111 iteration CONTINUE residual=1.880458305654695e-5 E=-57.32598798478078 F=-57.32598798478078
B map=112 iteration CONTINUE residual=1.698690378515199e-5 E=-57.32598798483724 F=-57.32598798483724
B map=113 iteration CONTINUE residual=1.5346460159872454e-5 E=-57.32598798488505 F=-57.32598798488505
B map=114 iteration CONTINUE residual=1.386586993557977e-5 E=-57.32598798492556 F=-57.32598798492556
B map=115 iteration CONTINUE residual=1.2529459662932329e-5 E=-57.32598798495973 F=-57.32598798495973
B map=116 iteration CONTINUE residual=1.1323096365609612e-5 E=-57.32598798498867 F=-57.32598798498867
B map=117 iteration CONTINUE residual=1.0234044022175447e-5 E=-57.325987985013185 F=-57.325987985013185
B map=118 iteration CONTINUE residual=9.250812628057765e-6 E=-57.325987985033876 F=-57.325987985033876
B map=119 iteration CONTINUE residual=8.363044293646966e-6 E=-57.32598798505141 F=-57.32598798505141
B map=120 iteration CONTINUE residual=7.561399929319937e-6 E=-57.32598798506625 F=-57.32598798506625
B map=121 iteration CONTINUE residual=6.837458296413678e-6 E=-57.32598798507876 F=-57.32598798507876
B map=122 iteration CONTINUE residual=6.183625777419163e-6 E=-57.32598798508943 F=-57.32598798508943
B map=123 iteration CONTINUE residual=5.5930550085104205e-6 E=-57.32598798509839 F=-57.32598798509839
B map=124 iteration CONTINUE residual=5.059571167417563e-6 E=-57.325987985105975 F=-57.325987985105975
B map=125 iteration CONTINUE residual=4.577605534954403e-6 E=-57.32598798511244 F=-57.32598798511244
B map=126 iteration CONTINUE residual=4.142136200938144e-6 E=-57.32598798511786 F=-57.32598798511786
B map=127 iteration CONTINUE residual=3.748634128584181e-6 E=-57.32598798512247 F=-57.32598798512247
B map=128 iteration CONTINUE residual=3.39301398350055e-6 E=-57.32598798512633 F=-57.32598798512633
B map=129 iteration CONTINUE residual=3.071591220908094e-6 E=-57.32598798512967 F=-57.32598798512967
B map=130 iteration CONTINUE residual=2.7810413693633854e-6 E=-57.32598798513243 F=-57.32598798513243
B map=131 iteration CONTINUE residual=2.518368376509159e-6 E=-57.325987985134816 F=-57.325987985134816
B map=132 iteration CONTINUE residual=2.2808653984002604e-6 E=-57.32598798513676 F=-57.32598798513676
B map=133 iteration CONTINUE residual=2.0660961859633107e-6 E=-57.325987985138475 F=-57.325987985138475
B map=134 iteration CONTINUE residual=1.8718549559780848e-6 E=-57.325987985139975 F=-57.325987985139975
B map=135 iteration CONTINUE residual=1.6961572586330857e-6 E=-57.32598798514107 F=-57.32598798514107
B map=136 iteration CONTINUE residual=1.5372100436151121e-6 E=-57.32598798514206 F=-57.32598798514206
B map=137 iteration CONTINUE residual=1.3933961166876834e-6 E=-57.32598798514302 F=-57.32598798514302
B map=138 iteration CONTINUE residual=1.2632557357295595e-6 E=-57.32598798514374 F=-57.32598798514374
B map=139 iteration CONTINUE residual=1.1454711700175057e-6 E=-57.32598798514438 F=-57.32598798514438
B map=140 iteration CONTINUE residual=1.0388531862245579e-6 E=-57.325987985144856 F=-57.325987985144856
B map=141 iteration CONTINUE residual=9.42328315091205e-7 E=-57.32598798514531 F=-57.32598798514531
B map=142 iteration CONTINUE residual=8.549268635090454e-7 E=-57.325987985145716 F=-57.325987985145716
B map=143 iteration CONTINUE residual=7.757743067629685e-7 E=-57.32598798514597 F=-57.32598798514597
B map=144 iteration CONTINUE residual=7.040796317337558e-7 E=-57.32598798514627 F=-57.32598798514627
B map=145 iteration CONTINUE residual=6.391304899591299e-7 E=-57.32598798514648 F=-57.32598798514648
B map=146 iteration CONTINUE residual=5.802817116910284e-7 E=-57.32598798514671 F=-57.32598798514671
B map=147 iteration CONTINUE residual=5.269514282618148e-7 E=-57.3259879851469 F=-57.3259879851469
B map=148 iteration CONTINUE residual=4.786124218592787e-7 E=-57.32598798514704 F=-57.32598798514704
B map=149 iteration CONTINUE residual=4.3479260007212734e-7 E=-57.325987985147115 F=-57.325987985147115
B map=150 iteration CONTINUE residual=3.950607015529932e-7 E=-57.325987985147165 F=-57.325987985147165
B map=151 iteration CONTINUE residual=3.590287547396595e-7 E=-57.32598798514724 F=-57.32598798514724
B map=152 iteration CONTINUE residual=3.263460177994107e-7 E=-57.32598798514738 F=-57.32598798514738
B map=153 iteration CONTINUE residual=2.966964321804207e-7 E=-57.32598798514748 F=-57.32598798514748
B map=154 iteration CONTINUE residual=2.697927873062359e-7 E=-57.32598798514749 F=-57.32598798514749
B map=155 iteration CONTINUE residual=2.4537690790492537e-7 E=-57.32598798514757 F=-57.32598798514757
B map=156 iteration CONTINUE residual=2.2321400625289458e-7 E=-57.32598798514752 F=-57.32598798514752
B map=157 iteration CONTINUE residual=2.030926413161068e-7 E=-57.32598798514748 F=-57.32598798514748
B map=158 iteration CONTINUE residual=1.8482116730562686e-7 E=-57.325987985147584 F=-57.325987985147584
B map=159 iteration CONTINUE residual=1.682260802293211e-7 E=-57.32598798514768 F=-57.32598798514768
B map=160 iteration CONTINUE residual=1.5315102477966656e-7 E=-57.325987985147606 F=-57.325987985147606
B map=161 iteration CONTINUE residual=1.3945338355997177e-7 E=-57.325987985147634 F=-57.325987985147634
B map=162 iteration CONTINUE residual=1.2700516887296123e-7 E=-57.32598798514766 F=-57.32598798514766
B map=163 iteration CONTINUE residual=1.1569132699043198e-7 E=-57.325987985147684 F=-57.325987985147684
B map=164 iteration CONTINUE residual=1.0540518568038567e-7 E=-57.32598798514774 F=-57.32598798514774
B map=165 iteration CONTINUE residual=9.605119896407269e-8 E=-57.325987985147705 F=-57.325987985147705
B map=166 iteration CONTINUE residual=8.754431513227462e-8 E=-57.325987985147755 F=-57.325987985147755
B map=167 iteration CONTINUE residual=7.980586118651829e-8 E=-57.32598798514771 F=-57.32598798514771
B map=168 iteration CONTINUE residual=7.2764729257156e-8 E=-57.325987985147734 F=-57.325987985147734
B map=169 iteration CONTINUE residual=6.635804478452159e-8 E=-57.32598798514773 F=-57.32598798514773
B map=170 iteration CONTINUE residual=6.052638277242538e-8 E=-57.325987985147755 F=-57.325987985147755
B map=171 iteration CONTINUE residual=5.521715553250789e-8 E=-57.32598798514774 F=-57.32598798514774
B map=172 iteration CONTINUE residual=5.0382837638983914e-8 E=-57.325987985147705 F=-57.325987985147705
B map=173 iteration CONTINUE residual=4.5979611020046786e-8 E=-57.32598798514772 F=-57.32598798514772
B map=174 iteration CONTINUE residual=4.196903304696698e-8 E=-57.325987985147734 F=-57.325987985147734
B map=175 iteration CONTINUE residual=3.8314414674275596e-8 E=-57.32598798514772 F=-57.32598798514772
B map=176 iteration CONTINUE residual=3.49843189041405e-8 E=-57.32598798514775 F=-57.32598798514775
B map=177 iteration CONTINUE residual=3.194891386929508e-8 E=-57.32598798514771 F=-57.32598798514771
B map=178 iteration CONTINUE residual=2.9181859826532273e-8 E=-57.325987985147805 F=-57.325987985147805
B map=179 iteration CONTINUE residual=2.6658616802788076e-8 E=-57.32598798514772 F=-57.32598798514772
B map=180 iteration CONTINUE residual=2.4357785827263665e-8 E=-57.32598798514779 F=-57.32598798514779
B map=181 iteration CONTINUE residual=2.2258860503894004e-8 E=-57.32598798514782 F=-57.32598798514782
B map=182 iteration CONTINUE residual=2.0342882236884994e-8 E=-57.325987985147805 F=-57.325987985147805
B map=183 iteration CONTINUE residual=1.8595740547860976e-8 E=-57.325987985147776 F=-57.325987985147776
B map=184 iteration CONTINUE residual=1.700144011284135e-8 E=-57.32598798514777 F=-57.32598798514777
B map=185 iteration CONTINUE residual=1.554602578239592e-8 E=-57.32598798514775 F=-57.32598798514775
B map=186 iteration CONTINUE residual=1.4217560664524451e-8 E=-57.32598798514776 F=-57.32598798514776
B map=187 iteration CONTINUE residual=1.3004160663923148e-8 E=-57.32598798514774 F=-57.32598798514774
B map=188 iteration CONTINUE residual=1.1896117873688509e-8 E=-57.32598798514782 F=-57.32598798514782
B map=189 iteration CONTINUE residual=1.0883956501664575e-8 E=-57.325987985147805 F=-57.325987985147805
B map=190 iteration CANDIDATE residual=9.959338211243041e-9 E=-57.32598798514778 F=-57.32598798514778
B map=191 closure PASS residual=1.6537267865203399e-9 E=-57.32598798514773 F=-57.32598798514773
Phase 6C 20260906T153016Z-B-62835d43: PASS, exit=0
